// Jest Snapshot v1, https://goo.gl/fbAQLP

exports[`Videoplayer component is rendered correctly 1`] = `
<video
  poster="images/image.jpg"
  width="100%"
>
  <source
    src="movies/movie.mp4"
    type="video/mp4"
  />
  Sorry, your browser is a piece of shit
</video>
`;
