// Jest Snapshot v1, https://goo.gl/fbAQLP

exports[`Filter Filter should render correctly 1`] = `
<ul
  className="catalog__genres-list"
>
  <li
    className="catalog__genres-item"
  >
    <a
      className="catalog__genres-link"
      href="#"
      onClick={[Function]}
    >
      Crime
    </a>
  </li>
  <li
    className="catalog__genres-item"
  >
    <a
      className="catalog__genres-link"
      href="#"
      onClick={[Function]}
    >
      Documentary
    </a>
  </li>
  <li
    className="catalog__genres-item"
  >
    <a
      className="catalog__genres-link"
      href="#"
      onClick={[Function]}
    >
      Dramas
    </a>
  </li>
</ul>
`;
