// Jest Snapshot v1, https://goo.gl/fbAQLP

exports[`MoviesList MoviesList should render correctly 1`] = `
Array [
  <div
    className="catalog__movies-list"
  >
    <article
      className="small-movie-card catalog__movies-card active"
      onMouseEnter={[Function]}
      onMouseLeave={[Function]}
    >
      <div
        className="small-movie-card__image"
        onClick={[Function]}
      >
        <video
          muted={true}
          poster="images/image.jpg"
          width="100%"
        >
          <source
            src="movies/movie.mp4"
            type="video/mp4"
          />
          Sorry, your browser is a piece of shit
        </video>
      </div>
      <h3
        className="small-movie-card__title"
      >
        <a
          className="small-movie-card__link"
          href="movie-page.html"
          onClick={[Function]}
        >
          Тестовая киношка
        </a>
      </h3>
    </article>
    <article
      className="small-movie-card catalog__movies-card "
      onMouseEnter={[Function]}
      onMouseLeave={[Function]}
    >
      <div
        className="small-movie-card__image"
        onClick={[Function]}
      >
        <video
          muted={true}
          poster="images/image2.jpg"
          width="100%"
        >
          <source
            src="movies/movie2.mp4"
            type="video/mp4"
          />
          Sorry, your browser is a piece of shit
        </video>
      </div>
      <h3
        className="small-movie-card__title"
      >
        <a
          className="small-movie-card__link"
          href="movie-page.html"
          onClick={[Function]}
        >
          Тестовая киношка2
        </a>
      </h3>
    </article>
  </div>,
  <div
    className="catalog__more"
  >
    <button
      className="catalog__button"
      onClick={[Function]}
      type="button"
    >
      Show more
    </button>
  </div>,
]
`;
