// Jest Snapshot v1, https://goo.gl/fbAQLP

exports[`App App should render correctly 1`] = `
Array [
  <section
    className="movie-card"
  >
    <div
      className="movie-card__bg"
    >
      <img
        alt="The Grand Budapest Hotel"
        src="img/bg-the-grand-budapest-hotel.jpg"
      />
    </div>
    <h1
      className="visually-hidden"
    >
      WTW
    </h1>
    <header
      className="page-header movie-card__head"
    >
      <div
        className="logo"
      >
        <a
          className="logo__link"
        >
          <span
            className="logo__letter logo__letter--1"
          >
            W
          </span>
          <span
            className="logo__letter logo__letter--2"
          >
            T
          </span>
          <span
            className="logo__letter logo__letter--3"
          >
            W
          </span>
        </a>
      </div>
      <div
        className="user-block"
      >
        <div
          className="user-block__avatar"
        >
          <img
            alt="User avatar"
            height="63"
            src="img/avatar.jpg"
            width="63"
          />
        </div>
      </div>
    </header>
    <div
      className="movie-card__wrap"
    >
      <div
        className="movie-card__info"
      >
        <div
          className="movie-card__poster"
        >
          <img
            alt="The Grand Budapest Hotel poster"
            height="327"
            src="img/the-grand-budapest-hotel-poster.jpg"
            width="218"
          />
        </div>
        <div
          className="movie-card__desc"
        >
          <h2
            className="movie-card__title"
          >
            The Grand Budapest Hotel
          </h2>
          <p
            className="movie-card__meta"
          >
            <span
              className="movie-card__genre"
            >
              Drama
            </span>
            <span
              className="movie-card__year"
            >
              2014
            </span>
          </p>
          <div
            className="movie-card__buttons"
          >
            <button
              className="btn btn--play movie-card__button"
              type="button"
            >
              <svg
                height="19"
                viewBox="0 0 19 19"
                width="19"
              >
                <use
                  xlinkHref="#play-s"
                />
              </svg>
              <span>
                Play
              </span>
            </button>
            <button
              className="btn btn--list movie-card__button"
              type="button"
            >
              <svg
                height="20"
                viewBox="0 0 19 20"
                width="19"
              >
                <use
                  xlinkHref="#add"
                />
              </svg>
              <span>
                My list
              </span>
            </button>
          </div>
        </div>
      </div>
    </div>
  </section>,
  <div
    className="page-content"
  >
    <section
      className="catalog"
    >
      <h2
        className="catalog__title visually-hidden"
      >
        Catalog
      </h2>
      <ul
        className="catalog__genres-list"
      >
        <li
          className="catalog__genres-item"
        >
          <a
            className="catalog__genres-link"
            href="#"
            onClick={[Function]}
          >
            All genres
          </a>
        </li>
        <li
          className="catalog__genres-item"
        >
          <a
            className="catalog__genres-link"
            href="#"
            onClick={[Function]}
          >
            Comedies
          </a>
        </li>
        <li
          className="catalog__genres-item"
        >
          <a
            className="catalog__genres-link"
            href="#"
            onClick={[Function]}
          >
            Crime
          </a>
        </li>
        <li
          className="catalog__genres-item"
        >
          <a
            className="catalog__genres-link"
            href="#"
            onClick={[Function]}
          >
            Documentary
          </a>
        </li>
        <li
          className="catalog__genres-item"
        >
          <a
            className="catalog__genres-link"
            href="#"
            onClick={[Function]}
          >
            Dramas
          </a>
        </li>
        <li
          className="catalog__genres-item"
        >
          <a
            className="catalog__genres-link"
            href="#"
            onClick={[Function]}
          >
            Horror
          </a>
        </li>
        <li
          className="catalog__genres-item"
        >
          <a
            className="catalog__genres-link"
            href="#"
            onClick={[Function]}
          >
            Kids & Family
          </a>
        </li>
        <li
          className="catalog__genres-item"
        >
          <a
            className="catalog__genres-link"
            href="#"
            onClick={[Function]}
          >
            Romance
          </a>
        </li>
        <li
          className="catalog__genres-item"
        >
          <a
            className="catalog__genres-link"
            href="#"
            onClick={[Function]}
          >
            Sci-Fi
          </a>
        </li>
        <li
          className="catalog__genres-item"
        >
          <a
            className="catalog__genres-link"
            href="#"
            onClick={[Function]}
          >
            Thrillers
          </a>
        </li>
      </ul>
      <div
        className="catalog__movies-list"
      >
        <article
          className="small-movie-card catalog__movies-card "
          onMouseEnter={[Function]}
          onMouseLeave={[Function]}
        >
          <div
            className="small-movie-card__image"
            onClick={[Function]}
          >
            <video
              muted={true}
              poster="https://st.kp.yandex.net/images/film_big/306084.jpg"
              width="100%"
            >
              <source
                src="https://fs.kinomania.ru/media/video/9/2e/92e24ce533fadce8dcf9c7feb75f2407.480.mp4"
                type="video/mp4"
              />
              Sorry, your browser is a piece of shit
            </video>
          </div>
          <h3
            className="small-movie-card__title"
          >
            <a
              className="small-movie-card__link"
              href="movie-page.html"
              onClick={[Function]}
            >
              Big Bang Theory
            </a>
          </h3>
        </article>
        <article
          className="small-movie-card catalog__movies-card "
          onMouseEnter={[Function]}
          onMouseLeave={[Function]}
        >
          <div
            className="small-movie-card__image"
            onClick={[Function]}
          >
            <video
              muted={true}
              poster="https://st.kp.yandex.net/images/film_big/1048334.jpg"
              width="100%"
            >
              <source
                src="https://fs.kinomania.ru/media/video/f/28/f28543cd7a80815cc0ce17893f2ac0ad.480.mp4"
                type="video/mp4"
              />
              Sorry, your browser is a piece of shit
            </video>
          </div>
          <h3
            className="small-movie-card__title"
          >
            <a
              className="small-movie-card__link"
              href="movie-page.html"
              onClick={[Function]}
            >
              Joker
            </a>
          </h3>
        </article>
        <article
          className="small-movie-card catalog__movies-card "
          onMouseEnter={[Function]}
          onMouseLeave={[Function]}
        >
          <div
            className="small-movie-card__image"
            onClick={[Function]}
          >
            <video
              muted={true}
              poster="https://st.kp.yandex.net/images/film_big/301.jpg"
              width="100%"
            >
              <source
                src="https://download.blender.org/durian/trailer/sintel_trailer-480p.mp4"
                type="video/mp4"
              />
              Sorry, your browser is a piece of shit
            </video>
          </div>
          <h3
            className="small-movie-card__title"
          >
            <a
              className="small-movie-card__link"
              href="movie-page.html"
              onClick={[Function]}
            >
              Matrix
            </a>
          </h3>
        </article>
        <article
          className="small-movie-card catalog__movies-card "
          onMouseEnter={[Function]}
          onMouseLeave={[Function]}
        >
          <div
            className="small-movie-card__image"
            onClick={[Function]}
          >
            <img
              alt="Brokeback Mountain"
              height="175"
              src="https://st.kp.yandex.net/images/film_big/77647.jpg"
              width="280"
            />
          </div>
          <h3
            className="small-movie-card__title"
          >
            <a
              className="small-movie-card__link"
              href="movie-page.html"
              onClick={[Function]}
            >
              Brokeback Mountain
            </a>
          </h3>
        </article>
        <article
          className="small-movie-card catalog__movies-card "
          onMouseEnter={[Function]}
          onMouseLeave={[Function]}
        >
          <div
            className="small-movie-card__image"
            onClick={[Function]}
          >
            <video
              muted={true}
              poster="https://st.kp.yandex.net/images/film_big/178710.jpg"
              width="100%"
            >
              <source
                src="http://media.w3.org/2010/05/bunny/movie.mp4"
                type="video/mp4"
              />
              Sorry, your browser is a piece of shit
            </video>
          </div>
          <h3
            className="small-movie-card__title"
          >
            <a
              className="small-movie-card__link"
              href="movie-page.html"
              onClick={[Function]}
            >
              House M.D.
            </a>
          </h3>
        </article>
        <article
          className="small-movie-card catalog__movies-card "
          onMouseEnter={[Function]}
          onMouseLeave={[Function]}
        >
          <div
            className="small-movie-card__image"
            onClick={[Function]}
          >
            <video
              muted={true}
              poster="https://st.kp.yandex.net/images/film_big/1794.jpg"
              width="100%"
            >
              <source
                src="'http://media.w3.org/2010/05/sintel/trailer.mp4"
                type="video/mp4"
              />
              Sorry, your browser is a piece of shit
            </video>
          </div>
          <h3
            className="small-movie-card__title"
          >
            <a
              className="small-movie-card__link"
              href="movie-page.html"
              onClick={[Function]}
            >
              50 first kisses
            </a>
          </h3>
        </article>
        <article
          className="small-movie-card catalog__movies-card "
          onMouseEnter={[Function]}
          onMouseLeave={[Function]}
        >
          <div
            className="small-movie-card__image"
            onClick={[Function]}
          >
            <video
              muted={true}
              poster="https://st.kp.yandex.net/images/film_big/41010.jpg"
              width="100%"
            >
              <source
                src="https://upload.wikimedia.org/wikipedia/commons/transcoded/b/b3/Big_Buck_Bunny_Trailer_400p.ogv/Big_Buck_Bunny_Trailer_400p.ogv.360p.webm"
                type="video/webm"
              />
              Sorry, your browser is a piece of shit
            </video>
          </div>
          <h3
            className="small-movie-card__title"
          >
            <a
              className="small-movie-card__link"
              href="movie-page.html"
              onClick={[Function]}
            >
              Антикиллер
            </a>
          </h3>
        </article>
        <article
          className="small-movie-card catalog__movies-card "
          onMouseEnter={[Function]}
          onMouseLeave={[Function]}
        >
          <div
            className="small-movie-card__image"
            onClick={[Function]}
          >
            <video
              muted={true}
              poster="https://st.kp.yandex.net/images/film_big/394047.jpg"
              width="100%"
            >
              <source
                src="https://upload.wikimedia.org/wikipedia/commons/transcoded/b/b3/Big_Buck_Bunny_Trailer_400p.ogv/Big_Buck_Bunny_Trailer_400p.ogv.360p.webm"
                type="video/webm"
              />
              Sorry, your browser is a piece of shit
            </video>
          </div>
          <h3
            className="small-movie-card__title"
          >
            <a
              className="small-movie-card__link"
              href="movie-page.html"
              onClick={[Function]}
            >
              Папины дочки
            </a>
          </h3>
        </article>
      </div>
      <div
        className="catalog__more"
      >
        <button
          className="catalog__button"
          onClick={[Function]}
          type="button"
        >
          Show more
        </button>
      </div>
    </section>
    <footer
      className="page-footer"
    >
      <div
        className="logo"
      >
        <a
          className="logo__link logo__link--light"
        >
          <span
            className="logo__letter logo__letter--1"
          >
            W
          </span>
          <span
            className="logo__letter logo__letter--2"
          >
            T
          </span>
          <span
            className="logo__letter logo__letter--3"
          >
            W
          </span>
        </a>
      </div>
      <div
        className="copyright"
      >
        <p>
          © 2019 What to watch Ltd.
        </p>
      </div>
    </footer>
  </div>,
]
`;
